[2026-08-17 09:51:53.100] [INFO] Using logs directory: C:\Users\GLC\Documents\sodepa\erp\.pycharm_plugin\logs
[2026-08-17 09:51:53.100] [INFO] ================================================================================
[2026-08-17 09:51:53.100] [INFO] Learning Flow Visualizer Plugin Started
[2026-08-17 09:51:53.100] [INFO] Version: 1.0.679
[2026-08-17 09:51:53.100] [INFO] Project: erp
[2026-08-17 09:51:53.100] [INFO] Log file: C:\Users\GLC\Documents\sodepa\erp\.pycharm_plugin\logs\plugin_20260817_095153.log
[2026-08-17 09:51:53.100] [INFO] ================================================================================
[2026-08-17 09:51:53.100] [INFO] Project opened: erp
[2026-08-17 09:51:53.100] [INFO] Project base path: C:/Users/GLC/Documents/sodepa/erp
[2026-08-17 09:51:53.102] [INFO] Logger already initialized for project: erp
[2026-08-17 09:51:53.102] [INFO] Project opened: erp
[2026-08-17 09:51:53.102] [INFO] Project base path: C:/Users/GLC/Documents/sodepa/erp
[2026-08-17 09:51:53.102] [INFO] Logger already initialized for project: erp
[2026-08-17 09:51:53.102] [INFO] Project opened: erp
[2026-08-17 09:51:53.102] [INFO] Project base path: C:/Users/GLC/Documents/sodepa/erp
[2026-08-17 09:51:53.107] [INFO] Logger already initialized for project: erp
[2026-08-17 09:51:53.107] [INFO] Project opened: erp
[2026-08-17 09:51:53.107] [INFO] Project base path: C:/Users/GLC/Documents/sodepa/erp
[2026-08-17 09:52:13.090] [INFO] Logger already initialized for project: erp
[2026-08-17 09:52:13.091] [INFO] Plugin startup activity started for project: erp
[2026-08-17 09:52:13.091] [WARN] Tool window 'SequenceDiagramPython' not found
[2026-08-17 09:52:13.092] [INFO] Plugin startup completed successfully
[2026-08-17 09:56:41.271] [INFO] Project closed: erp
