[2026-08-10 15:23:14.647] [INFO] Using logs directory: C:\Users\GLC\Documents\sodepa\erp\.pycharm_plugin\logs
[2026-08-10 15:23:14.648] [INFO] ================================================================================
[2026-08-10 15:23:14.648] [INFO] Learning Flow Visualizer Plugin Started
[2026-08-10 15:23:14.648] [INFO] Version: 1.0.679
[2026-08-10 15:23:14.648] [INFO] Project: erp
[2026-08-10 15:23:14.648] [INFO] Log file: C:\Users\GLC\Documents\sodepa\erp\.pycharm_plugin\logs\plugin_20260810_152314.log
[2026-08-10 15:23:14.648] [INFO] ================================================================================
[2026-08-10 15:23:14.648] [INFO] Project opened: erp
[2026-08-10 15:23:14.649] [INFO] Project base path: C:/Users/GLC/Documents/sodepa/erp
[2026-08-10 15:23:14.649] [INFO] Logger already initialized for project: erp
[2026-08-10 15:23:14.649] [INFO] Project opened: erp
[2026-08-10 15:23:14.649] [INFO] Project base path: C:/Users/GLC/Documents/sodepa/erp
[2026-08-10 15:23:14.650] [INFO] Logger already initialized for project: erp
[2026-08-10 15:23:14.650] [INFO] Project opened: erp
[2026-08-10 15:23:14.650] [INFO] Project base path: C:/Users/GLC/Documents/sodepa/erp
[2026-08-10 15:23:14.651] [INFO] Logger already initialized for project: erp
[2026-08-10 15:23:14.651] [INFO] Project opened: erp
[2026-08-10 15:23:14.651] [INFO] Project base path: C:/Users/GLC/Documents/sodepa/erp
[2026-08-10 15:23:14.653] [INFO] Logger already initialized for project: erp
[2026-08-10 15:23:14.653] [INFO] Project opened: erp
[2026-08-10 15:23:14.654] [INFO] Project base path: C:/Users/GLC/Documents/sodepa/erp
[2026-08-10 15:23:22.460] [INFO] Logger already initialized for project: erp
[2026-08-10 15:23:22.461] [INFO] Plugin startup activity started for project: erp
[2026-08-10 15:23:22.461] [WARN] Tool window 'SequenceDiagramPython' not found
[2026-08-10 15:23:22.461] [INFO] Plugin startup completed successfully
[2026-08-10 15:33:02.209] [INFO] Project closed: afb-gimac-api
[2026-08-10 15:33:02.210] [INFO] Project closed: afb-gimac-api
[2026-08-10 15:33:02.210] [INFO] Project closed: afb-gimac-api
[2026-08-10 15:33:02.211] [INFO] Project closed: afb-gimac-api
[2026-08-10 17:19:36.461] [INFO] Project closed: bankaccountmanagement
[2026-08-10 17:19:36.461] [INFO] Project closed: bankaccountmanagement
[2026-08-10 17:19:36.461] [INFO] Project closed: bankaccountmanagement
[2026-08-10 17:19:36.808] [DEBUG] Tool window availability check for afb-gimac-api: true
