[2026-08-14 16:20:33.178] [INFO] Using logs directory: C:\Users\GLC\Documents\sodepa\erp\.pycharm_plugin\logs
[2026-08-14 16:20:33.178] [INFO] ================================================================================
[2026-08-14 16:20:33.178] [INFO] Learning Flow Visualizer Plugin Started
[2026-08-14 16:20:33.178] [INFO] Version: 1.0.679
[2026-08-14 16:20:33.178] [INFO] Project: erp
[2026-08-14 16:20:33.178] [INFO] Log file: C:\Users\GLC\Documents\sodepa\erp\.pycharm_plugin\logs\plugin_20260814_162033.log
[2026-08-14 16:20:33.178] [INFO] ================================================================================
[2026-08-14 16:20:33.178] [INFO] Project opened: erp
[2026-08-14 16:20:33.179] [INFO] Project base path: C:/Users/GLC/Documents/sodepa/erp
[2026-08-14 16:20:33.179] [INFO] Logger already initialized for project: erp
[2026-08-14 16:20:33.179] [INFO] Project opened: erp
[2026-08-14 16:20:33.179] [INFO] Project base path: C:/Users/GLC/Documents/sodepa/erp
[2026-08-14 16:20:33.180] [INFO] Logger already initialized for project: erp
[2026-08-14 16:20:33.180] [INFO] Project opened: erp
[2026-08-14 16:20:33.180] [INFO] Project base path: C:/Users/GLC/Documents/sodepa/erp
[2026-08-14 16:21:09.308] [INFO] Logger already initialized for project: erp
[2026-08-14 16:21:09.308] [INFO] Plugin startup activity started for project: erp
[2026-08-14 16:21:09.310] [WARN] Tool window 'SequenceDiagramPython' not found
[2026-08-14 16:21:09.310] [INFO] Plugin startup completed successfully
[2026-08-14 20:12:10.802] [DEBUG] Tool window availability check for web: true
